--
-- basic sanity
--
CREATE  EXTENSION percona_pg_telemetry;
-- Sleep so that waiting on agent becomes true
SELECT  pg_sleep(3);
 pg_sleep 
----------
 
(1 row)

SELECT  name
FROM    pg_settings
WHERE   name LIKE 'percona_pg_telemetry.%';
                 name                 
--------------------------------------
 percona_pg_telemetry.enabled
 percona_pg_telemetry.files_to_keep
 percona_pg_telemetry.path
 percona_pg_telemetry.scrape_interval
(4 rows)

SELECT  percona_pg_telemetry_version();
 percona_pg_telemetry_version 
------------------------------
 1.1
(1 row)

SELECT  regexp_replace(regexp_replace(latest_output_filename, '\d{11,}', '<INSTANCE ID>', 'g'), '\d{6,}', '<TIMESTAMP>', 'g') AS latest_output_filename
        , pt_enabled
FROM    percona_pg_telemetry_status();
      latest_output_filename      | pt_enabled 
----------------------------------+------------
 ./<TIMESTAMP>-<INSTANCE ID>.json | t
(1 row)

DROP    EXTENSION percona_pg_telemetry;
